[2026-09-19T05:18:17Z] === ENRICH ITERATION 1 START | repo=bigcat88/pillow_heif sha=0ba39745 ===
[2026-09-19T05:18:17Z] [iter=1] PHASE START: enrich repo=bigcat88/pillow_heif sha=0ba39745 runlog=/home/runner/work/forx/forx/storage/aggregate/lsp/logs/0ba39745-enrich-iter-001.log output=/home/runner/work/forx/forx/storage/aggregate/lsp/0ba397455af9d048542bcba3c850a73b2023ee5f.nq.gz
[2026-09-19T05:18:17Z] [iter=1] Step 1: Loading AST into disk-backed store mem_mb=78 MB
[2026-09-19T05:18:21Z] [iter=1] AST store loaded triples=430338 load_secs=4 mem_mb=641 MB
[2026-09-19T05:18:21Z] [iter=1] Step 2: Finding LSP targets mem_mb=641 MB
[2026-09-19T05:18:21Z] [iter=1] LSP targets found call_sites=3134 imports=92 extends=9 implements=0 secs=0
[2026-09-19T05:18:22Z] [iter=1] Step 2.7: Building position index (one-shot, shared across resolvers) mem_mb=641 MB
[2026-09-19T05:18:24Z] [iter=1] Position index built positions=29544 nodes_with_types=37562 secs=2 mem_mb=641 MB
[2026-09-19T05:18:24Z] [iter=1] Step 3: Starting LSP resolution mem_mb=641 MB already_completed_types=[] already_completed_files=0
[2026-09-19T05:18:24Z] [iter=1] Resolving target type target_type=call_site count=3134
[2026-09-19T05:18:55Z] [iter=1] HEARTBEAT target_type=call_site elapsed_min=0.6 files_done=4 resolved=214 errors=128 current=tests/read_test.py
[2026-09-19T05:19:39Z] [iter=1] HEARTBEAT target_type=call_site elapsed_min=1.4 files_done=9 resolved=630 errors=360 current=examples/pillow_create_sequence.py
[2026-09-19T05:20:12Z] [iter=1] HEARTBEAT target_type=call_site elapsed_min=1.9 files_done=17 resolved=955 errors=511 current=examples/heif_dump_info.py
[2026-09-19T05:20:43Z] [iter=1] HEARTBEAT target_type=call_site elapsed_min=2.4 files_done=27 resolved=1324 errors=678 current=examples/pillow_enumerate.py
[2026-09-19T05:21:17Z] [iter=1] HEARTBEAT target_type=call_site elapsed_min=3.0 files_done=42 resolved=1464 errors=862 current=pillow_heif/_ph_postprocess.h
[2026-09-19T05:21:35Z] [iter=1] Target type resolved target_type=call_site resolved=1466 errors=4057 secs=191 mem_mb=641 MB
[2026-09-19T05:21:35Z] [iter=1] Resolving target type target_type=import_statement count=92
[2026-09-19T05:21:37Z] [iter=1] Target type resolved target_type=import_statement resolved=82 errors=0 secs=2 mem_mb=641 MB
[2026-09-19T05:21:37Z] [iter=1] Resolving target type target_type=extends_clause count=9
[2026-09-19T05:21:38Z] [iter=1] Target type resolved target_type=extends_clause resolved=9 errors=0 secs=1 mem_mb=641 MB
[2026-09-19T05:21:44Z] [iter=1] Step 5: Writing final enrichment file triples=24084
[2026-09-19T05:21:44Z] [iter=1] Enrichment file written path=/home/runner/work/forx/forx/storage/aggregate/lsp/0ba397455af9d048542bcba3c850a73b2023ee5f.nq.gz size_kb=440
[2026-09-19T05:21:44Z] [iter=1] PHASE END: enrich elapsed_s=207 elapsed_min=3.5 total_triples=24084
