[2026-09-19T03:24:22Z] === ENRICH ITERATION 1 START | repo=bigcat88/pillow_heif sha=0ffb6818 ===
[2026-09-19T03:24:22Z] [iter=1] PHASE START: enrich repo=bigcat88/pillow_heif sha=0ffb6818 runlog=/home/runner/work/forx/forx/storage/aggregate/lsp/logs/0ffb6818-enrich-iter-001.log output=/home/runner/work/forx/forx/storage/aggregate/lsp/0ffb681896cf20a46e088182ee6f8ac8f9d89f58.nq.gz
[2026-09-19T03:24:22Z] [iter=1] Step 1: Loading AST into disk-backed store mem_mb=78 MB
[2026-09-19T03:24:33Z] [iter=1] AST store loaded triples=455177 load_secs=11 mem_mb=666 MB
[2026-09-19T03:24:33Z] [iter=1] Step 2: Finding LSP targets mem_mb=666 MB
[2026-09-19T03:24:33Z] [iter=1] LSP targets found call_sites=3283 imports=94 extends=9 implements=0 secs=0
[2026-09-19T03:24:34Z] [iter=1] Step 2.7: Building position index (one-shot, shared across resolvers) mem_mb=666 MB
[2026-09-19T03:24:35Z] [iter=1] Position index built positions=30833 nodes_with_types=39190 secs=1 mem_mb=666 MB
[2026-09-19T03:24:35Z] [iter=1] Step 3: Starting LSP resolution mem_mb=666 MB already_completed_types=[] already_completed_files=0
[2026-09-19T03:24:35Z] [iter=1] Resolving target type target_type=call_site count=3283
[2026-09-19T03:25:00Z] [iter=1] HEARTBEAT target_type=call_site elapsed_min=0.6 files_done=4 resolved=347 errors=153 current=examples/heif_create_sequence.py
[2026-09-19T03:25:31Z] [iter=1] HEARTBEAT target_type=call_site elapsed_min=1.2 files_done=10 resolved=783 errors=424 current=benchmarks/benchmark_encode.py
[2026-09-19T03:26:01Z] [iter=1] HEARTBEAT target_type=call_site elapsed_min=1.7 files_done=21 resolved=1307 errors=639 current=benchmarks/benchmark_decode.py
[2026-09-19T03:26:34Z] [iter=1] HEARTBEAT target_type=call_site elapsed_min=2.2 files_done=42 resolved=1520 errors=925 current=pillow_heif/_ph_postprocess.h
[2026-09-19T03:26:50Z] [iter=1] Target type resolved target_type=call_site resolved=1522 errors=4264 secs=135 mem_mb=666 MB
[2026-09-19T03:26:50Z] [iter=1] Resolving target type target_type=import_statement count=94
[2026-09-19T03:26:51Z] [iter=1] Target type resolved target_type=import_statement resolved=84 errors=0 secs=1 mem_mb=666 MB
[2026-09-19T03:26:51Z] [iter=1] Resolving target type target_type=extends_clause count=9
[2026-09-19T03:26:52Z] [iter=1] Target type resolved target_type=extends_clause resolved=9 errors=0 secs=1 mem_mb=666 MB
[2026-09-19T03:26:58Z] [iter=1] Step 5: Writing final enrichment file triples=24983
[2026-09-19T03:26:58Z] [iter=1] Enrichment file written path=/home/runner/work/forx/forx/storage/aggregate/lsp/0ffb681896cf20a46e088182ee6f8ac8f9d89f58.nq.gz size_kb=455
[2026-09-19T03:26:58Z] [iter=1] PHASE END: enrich elapsed_s=156 elapsed_min=2.6 total_triples=24983
