[2026-09-19T03:47:01Z] === ENRICH ITERATION 1 START | repo=bigcat88/pillow_heif sha=295b6d74 ===
[2026-09-19T03:47:01Z] [iter=1] PHASE START: enrich repo=bigcat88/pillow_heif sha=295b6d74 runlog=/home/runner/work/forx/forx/storage/aggregate/lsp/logs/295b6d74-enrich-iter-001.log output=/home/runner/work/forx/forx/storage/aggregate/lsp/295b6d7462986e41208f063262cff8436a320943.nq.gz
[2026-09-19T03:47:01Z] [iter=1] Step 1: Loading AST into disk-backed store mem_mb=78 MB
[2026-09-19T03:47:07Z] [iter=1] AST store loaded triples=442191 load_secs=7 mem_mb=653 MB
[2026-09-19T03:47:07Z] [iter=1] Step 2: Finding LSP targets mem_mb=653 MB
[2026-09-19T03:47:08Z] [iter=1] LSP targets found call_sites=3254 imports=94 extends=9 implements=0 secs=0
[2026-09-19T03:47:08Z] [iter=1] Step 2.7: Building position index (one-shot, shared across resolvers) mem_mb=653 MB
[2026-09-19T03:47:09Z] [iter=1] Position index built positions=30247 nodes_with_types=38526 secs=1 mem_mb=653 MB
[2026-09-19T03:47:09Z] [iter=1] Step 3: Starting LSP resolution mem_mb=653 MB already_completed_types=[] already_completed_files=0
[2026-09-19T03:47:09Z] [iter=1] Resolving target type target_type=call_site count=3254
[2026-09-19T03:47:32Z] [iter=1] HEARTBEAT target_type=call_site elapsed_min=0.5 files_done=2 resolved=376 errors=193 current=tests/leaks_test.py
[2026-09-19T03:48:03Z] [iter=1] HEARTBEAT target_type=call_site elapsed_min=1.0 files_done=12 resolved=916 errors=429 current=tests/import_error_test.py
[2026-09-19T03:48:33Z] [iter=1] HEARTBEAT target_type=call_site elapsed_min=1.5 files_done=34 resolved=1461 errors=746 current=tests/dataset.py
[2026-09-19T03:49:06Z] [iter=1] Target type resolved target_type=call_site resolved=1499 errors=4232 secs=117 mem_mb=653 MB
[2026-09-19T03:49:06Z] [iter=1] Resolving target type target_type=import_statement count=94
[2026-09-19T03:49:06Z] [iter=1] HEARTBEAT target_type=import_statement elapsed_min=2.1 files_done=0 resolved=0 errors=0 current=examples/pillow_save.py
[2026-09-19T03:49:07Z] [iter=1] Target type resolved target_type=import_statement resolved=84 errors=0 secs=1 mem_mb=653 MB
[2026-09-19T03:49:07Z] [iter=1] Resolving target type target_type=extends_clause count=9
[2026-09-19T03:49:08Z] [iter=1] Target type resolved target_type=extends_clause resolved=9 errors=0 secs=1 mem_mb=653 MB
[2026-09-19T03:49:12Z] [iter=1] Step 5: Writing final enrichment file triples=24738
[2026-09-19T03:49:13Z] [iter=1] Enrichment file written path=/home/runner/work/forx/forx/storage/aggregate/lsp/295b6d7462986e41208f063262cff8436a320943.nq.gz size_kb=451
[2026-09-19T03:49:13Z] [iter=1] PHASE END: enrich elapsed_s=132 elapsed_min=2.2 total_triples=24738
