[2026-09-19T09:07:55Z] === ENRICH ITERATION 1 START | repo=bigcat88/pillow_heif sha=2c96ef28 ===
[2026-09-19T09:07:55Z] [iter=1] PHASE START: enrich repo=bigcat88/pillow_heif sha=2c96ef28 runlog=/home/runner/work/forx/forx/storage/aggregate/lsp/logs/2c96ef28-enrich-iter-001.log output=/home/runner/work/forx/forx/storage/aggregate/lsp/2c96ef28df33984cf6ba66ec38a1b2a45c99722b.nq.gz
[2026-09-19T09:07:55Z] [iter=1] Step 1: Loading AST into disk-backed store mem_mb=78 MB
[2026-09-19T09:07:59Z] [iter=1] AST store loaded triples=348557 load_secs=4 mem_mb=564 MB
[2026-09-19T09:07:59Z] [iter=1] Step 2: Finding LSP targets mem_mb=564 MB
[2026-09-19T09:07:59Z] [iter=1] LSP targets found call_sites=2712 imports=25 extends=0 implements=0 secs=0
[2026-09-19T09:07:59Z] [iter=1] Step 2.7: Building position index (one-shot, shared across resolvers) mem_mb=564 MB
[2026-09-19T09:08:01Z] [iter=1] Position index built positions=23909 nodes_with_types=30603 secs=2 mem_mb=564 MB
[2026-09-19T09:08:01Z] [iter=1] Step 3: Starting LSP resolution mem_mb=564 MB already_completed_types=[] already_completed_files=0
[2026-09-19T09:08:01Z] [iter=1] Resolving target type target_type=call_site count=2712
[2026-09-19T09:08:26Z] [iter=1] HEARTBEAT target_type=call_site elapsed_min=0.5 files_done=5 resolved=330 errors=98 current=tests/helpers.py
[2026-09-19T09:08:59Z] [iter=1] HEARTBEAT target_type=call_site elapsed_min=1.1 files_done=10 resolved=703 errors=284 current=libheif/linux_build_libs.py
[2026-09-19T09:09:30Z] [iter=1] HEARTBEAT target_type=call_site elapsed_min=1.6 files_done=22 resolved=1158 errors=460 current=tests/metadata_etc_test.py
[2026-09-19T09:10:01Z] [iter=1] HEARTBEAT target_type=call_site elapsed_min=2.1 files_done=38 resolved=1332 errors=648 current=libheif/heif.h
[2026-09-19T09:10:21Z] [iter=1] Target type resolved target_type=call_site resolved=1334 errors=3416 secs=139 mem_mb=564 MB
[2026-09-19T09:10:21Z] [iter=1] Resolving target type target_type=import_statement count=25
[2026-09-19T09:10:22Z] [iter=1] Target type resolved target_type=import_statement resolved=25 errors=0 secs=1 mem_mb=564 MB
[2026-09-19T09:10:27Z] [iter=1] Step 5: Writing final enrichment file triples=20710
[2026-09-19T09:10:28Z] [iter=1] Enrichment file written path=/home/runner/work/forx/forx/storage/aggregate/lsp/2c96ef28df33984cf6ba66ec38a1b2a45c99722b.nq.gz size_kb=370
[2026-09-19T09:10:28Z] [iter=1] PHASE END: enrich elapsed_s=153 elapsed_min=2.6 total_triples=20710
