[2026-09-19T07:45:53Z] === ENRICH ITERATION 1 START | repo=bigcat88/pillow_heif sha=3798f0df ===
[2026-09-19T07:45:53Z] [iter=1] PHASE START: enrich repo=bigcat88/pillow_heif sha=3798f0df runlog=/home/runner/work/forx/forx/storage/aggregate/lsp/logs/3798f0df-enrich-iter-001.log output=/home/runner/work/forx/forx/storage/aggregate/lsp/3798f0df6b12c19dfa8fd76dd6259b329bf88029.nq.gz
[2026-09-19T07:45:53Z] [iter=1] Step 1: Loading AST into disk-backed store mem_mb=78 MB
[2026-09-19T07:45:56Z] [iter=1] AST store loaded triples=389658 load_secs=3 mem_mb=601 MB
[2026-09-19T07:45:56Z] [iter=1] Step 2: Finding LSP targets mem_mb=601 MB
[2026-09-19T07:45:56Z] [iter=1] LSP targets found call_sites=2834 imports=40 extends=0 implements=0 secs=0
[2026-09-19T07:45:56Z] [iter=1] Step 2.7: Building position index (one-shot, shared across resolvers) mem_mb=601 MB
[2026-09-19T07:45:58Z] [iter=1] Position index built positions=26682 nodes_with_types=33857 secs=2 mem_mb=601 MB
[2026-09-19T07:45:58Z] [iter=1] Step 3: Starting LSP resolution mem_mb=601 MB already_completed_types=[] already_completed_files=0
[2026-09-19T07:45:58Z] [iter=1] Resolving target type target_type=call_site count=2834
[2026-09-19T07:46:33Z] [iter=1] HEARTBEAT target_type=call_site elapsed_min=0.7 files_done=5 resolved=209 errors=181 current=tests/metadata_etc_test.py
[2026-09-19T07:47:08Z] [iter=1] HEARTBEAT target_type=call_site elapsed_min=1.3 files_done=9 resolved=579 errors=364 current=tests/numpy_test.py
[2026-09-19T07:47:39Z] [iter=1] HEARTBEAT target_type=call_site elapsed_min=1.8 files_done=17 resolved=861 errors=511 current=examples/pillow_create_sequence.py
[2026-09-19T07:48:16Z] [iter=1] HEARTBEAT target_type=call_site elapsed_min=2.4 files_done=34 resolved=1312 errors=715 current=examples/heif_save.py
[2026-09-19T07:48:35Z] [iter=1] Target type resolved target_type=call_site resolved=1360 errors=3615 secs=156 mem_mb=601 MB
[2026-09-19T07:48:35Z] [iter=1] Resolving target type target_type=import_statement count=40
[2026-09-19T07:48:36Z] [iter=1] Target type resolved target_type=import_statement resolved=38 errors=0 secs=1 mem_mb=601 MB
[2026-09-19T07:48:42Z] [iter=1] Step 5: Writing final enrichment file triples=21629
[2026-09-19T07:48:42Z] [iter=1] Enrichment file written path=/home/runner/work/forx/forx/storage/aggregate/lsp/3798f0df6b12c19dfa8fd76dd6259b329bf88029.nq.gz size_kb=390
[2026-09-19T07:48:42Z] [iter=1] PHASE END: enrich elapsed_s=170 elapsed_min=2.8 total_triples=21629
