[2026-09-19T13:56:53Z] === ENRICH ITERATION 1 START | repo=bigcat88/pillow_heif sha=3e41f4fb ===
[2026-09-19T13:56:53Z] [iter=1] PHASE START: enrich repo=bigcat88/pillow_heif sha=3e41f4fb runlog=/home/runner/work/forx/forx/storage/aggregate/lsp/logs/3e41f4fb-enrich-iter-001.log output=/home/runner/work/forx/forx/storage/aggregate/lsp/3e41f4fb41ef8529c87d9208c8e5959621f6f135.nq.gz
[2026-09-19T13:56:53Z] [iter=1] Step 1: Loading AST into disk-backed store mem_mb=78 MB
[2026-09-19T13:57:02Z] [iter=1] AST store loaded triples=365569 load_secs=9 mem_mb=582 MB
[2026-09-19T13:57:02Z] [iter=1] Step 2: Finding LSP targets mem_mb=582 MB
[2026-09-19T13:57:02Z] [iter=1] LSP targets found call_sites=2910 imports=11 extends=0 implements=0 secs=0
[2026-09-19T13:57:02Z] [iter=1] Step 2.7: Building position index (one-shot, shared across resolvers) mem_mb=582 MB
[2026-09-19T13:57:04Z] [iter=1] Position index built positions=24491 nodes_with_types=31581 secs=1 mem_mb=582 MB
[2026-09-19T13:57:04Z] [iter=1] Step 3: Starting LSP resolution mem_mb=582 MB already_completed_types=[] already_completed_files=0
[2026-09-19T13:57:04Z] [iter=1] Resolving target type target_type=call_site count=2910
[2026-09-19T13:57:26Z] [iter=1] HEARTBEAT target_type=call_site elapsed_min=0.5 files_done=2 resolved=168 errors=139 current=tests/write_test.py
[2026-09-19T13:58:01Z] [iter=1] HEARTBEAT target_type=call_site elapsed_min=1.1 files_done=6 resolved=552 errors=400 current=examples/heif_dump_info.py
[2026-09-19T13:58:32Z] [iter=1] HEARTBEAT target_type=call_site elapsed_min=1.6 files_done=16 resolved=867 errors=640 current=tests/mode_convert_test.py
[2026-09-19T13:59:07Z] [iter=1] HEARTBEAT target_type=call_site elapsed_min=2.2 files_done=46 resolved=1408 errors=3759 current=docs/resources/js/script.js
[2026-09-19T13:59:17Z] [iter=1] Target type resolved target_type=call_site resolved=1410 errors=3814 secs=133 mem_mb=582 MB
[2026-09-19T13:59:17Z] [iter=1] Resolving target type target_type=import_statement count=11
[2026-09-19T13:59:18Z] [iter=1] Target type resolved target_type=import_statement resolved=11 errors=0 secs=1 mem_mb=582 MB
[2026-09-19T13:59:23Z] [iter=1] Step 5: Writing final enrichment file triples=22631
[2026-09-19T13:59:24Z] [iter=1] Enrichment file written path=/home/runner/work/forx/forx/storage/aggregate/lsp/3e41f4fb41ef8529c87d9208c8e5959621f6f135.nq.gz size_kb=411
[2026-09-19T13:59:24Z] [iter=1] PHASE END: enrich elapsed_s=151 elapsed_min=2.5 total_triples=22631
