[2026-09-19T11:53:19Z] === ENRICH ITERATION 1 START | repo=bigcat88/pillow_heif sha=4a15d416 ===
[2026-09-19T11:53:19Z] [iter=1] PHASE START: enrich repo=bigcat88/pillow_heif sha=4a15d416 runlog=/home/runner/work/forx/forx/storage/aggregate/lsp/logs/4a15d416-enrich-iter-001.log output=/home/runner/work/forx/forx/storage/aggregate/lsp/4a15d4163d68697032e9dbe245ba60db55927573.nq.gz
[2026-09-19T11:53:19Z] [iter=1] Step 1: Loading AST into disk-backed store mem_mb=78 MB
[2026-09-19T11:53:28Z] [iter=1] AST store loaded triples=353807 load_secs=10 mem_mb=571 MB
[2026-09-19T11:53:28Z] [iter=1] Step 2: Finding LSP targets mem_mb=571 MB
[2026-09-19T11:53:29Z] [iter=1] LSP targets found call_sites=2814 imports=11 extends=0 implements=0 secs=0
[2026-09-19T11:53:29Z] [iter=1] Step 2.7: Building position index (one-shot, shared across resolvers) mem_mb=571 MB
[2026-09-19T11:53:30Z] [iter=1] Position index built positions=23659 nodes_with_types=30581 secs=1 mem_mb=571 MB
[2026-09-19T11:53:30Z] [iter=1] Step 3: Starting LSP resolution mem_mb=571 MB already_completed_types=[] already_completed_files=0
[2026-09-19T11:53:30Z] [iter=1] Resolving target type target_type=call_site count=2814
[2026-09-19T11:53:49Z] [iter=1] HEARTBEAT target_type=call_site elapsed_min=0.5 files_done=4 resolved=191 errors=120 current=tests/metadata_xmp_test.py
[2026-09-19T11:54:20Z] [iter=1] HEARTBEAT target_type=call_site elapsed_min=1.0 files_done=10 resolved=482 errors=380 current=examples/pillow_remove_image.py
[2026-09-19T11:54:51Z] [iter=1] HEARTBEAT target_type=call_site elapsed_min=1.5 files_done=18 resolved=876 errors=608 current=pillow_heif/_libheif_ctx.py
[2026-09-19T11:55:33Z] [iter=1] HEARTBEAT target_type=call_site elapsed_min=2.2 files_done=48 resolved=1404 errors=3636 current=pillow_heif/helpers.c
[2026-09-19T11:55:34Z] [iter=1] Target type resolved target_type=call_site resolved=1404 errors=3638 secs=124 mem_mb=571 MB
[2026-09-19T11:55:34Z] [iter=1] Resolving target type target_type=import_statement count=11
[2026-09-19T11:55:35Z] [iter=1] Target type resolved target_type=import_statement resolved=11 errors=0 secs=1 mem_mb=571 MB
[2026-09-19T11:55:39Z] [iter=1] Step 5: Writing final enrichment file triples=22208
[2026-09-19T11:55:40Z] [iter=1] Enrichment file written path=/home/runner/work/forx/forx/storage/aggregate/lsp/4a15d4163d68697032e9dbe245ba60db55927573.nq.gz size_kb=399
[2026-09-19T11:55:40Z] [iter=1] PHASE END: enrich elapsed_s=141 elapsed_min=2.4 total_triples=22208
