[2026-09-19T07:13:23Z] === ENRICH ITERATION 1 START | repo=bigcat88/pillow_heif sha=5d9aa438 ===
[2026-09-19T07:13:23Z] [iter=1] PHASE START: enrich repo=bigcat88/pillow_heif sha=5d9aa438 runlog=/home/runner/work/forx/forx/storage/aggregate/lsp/logs/5d9aa438-enrich-iter-001.log output=/home/runner/work/forx/forx/storage/aggregate/lsp/5d9aa438b4d033be49f94069c9724d0e64e9006e.nq.gz
[2026-09-19T07:13:23Z] [iter=1] Step 1: Loading AST into disk-backed store mem_mb=78 MB
[2026-09-19T07:13:28Z] [iter=1] AST store loaded triples=402870 load_secs=5 mem_mb=547 MB
[2026-09-19T07:13:28Z] [iter=1] Step 2: Finding LSP targets mem_mb=547 MB
[2026-09-19T07:13:29Z] [iter=1] LSP targets found call_sites=2941 imports=44 extends=0 implements=0 secs=0
[2026-09-19T07:13:29Z] [iter=1] Step 2.7: Building position index (one-shot, shared across resolvers) mem_mb=547 MB
[2026-09-19T07:13:31Z] [iter=1] Position index built positions=27607 nodes_with_types=35039 secs=2 mem_mb=547 MB
[2026-09-19T07:13:31Z] [iter=1] Step 3: Starting LSP resolution mem_mb=547 MB already_completed_types=[] already_completed_files=0
[2026-09-19T07:13:31Z] [iter=1] Resolving target type target_type=call_site count=2941
[2026-09-19T07:13:55Z] [iter=1] HEARTBEAT target_type=call_site elapsed_min=0.5 files_done=4 resolved=279 errors=98 current=tests/write_test.py
[2026-09-19T07:14:30Z] [iter=1] HEARTBEAT target_type=call_site elapsed_min=1.1 files_done=7 resolved=551 errors=277 current=pillow_heif/misc.py
[2026-09-19T07:15:03Z] [iter=1] HEARTBEAT target_type=call_site elapsed_min=1.7 files_done=15 resolved=939 errors=458 current=tests/thumbnails_test.py
[2026-09-19T07:15:33Z] [iter=1] HEARTBEAT target_type=call_site elapsed_min=2.2 files_done=30 resolved=1352 errors=624 current=examples/heif_save.py
[2026-09-19T07:16:13Z] [iter=1] Target type resolved target_type=call_site resolved=1409 errors=3753 secs=162 mem_mb=547 MB
[2026-09-19T07:16:13Z] [iter=1] Resolving target type target_type=import_statement count=44
[2026-09-19T07:16:14Z] [iter=1] HEARTBEAT target_type=import_statement elapsed_min=2.8 files_done=0 resolved=0 errors=0 current=examples/heif_create_sequence.py
[2026-09-19T07:16:15Z] [iter=1] Target type resolved target_type=import_statement resolved=41 errors=0 secs=1 mem_mb=547 MB
[2026-09-19T07:16:20Z] [iter=1] Step 5: Writing final enrichment file triples=22466
[2026-09-19T07:16:21Z] [iter=1] Enrichment file written path=/home/runner/work/forx/forx/storage/aggregate/lsp/5d9aa438b4d033be49f94069c9724d0e64e9006e.nq.gz size_kb=403
[2026-09-19T07:16:21Z] [iter=1] PHASE END: enrich elapsed_s=177 elapsed_min=3.0 total_triples=22466
