[2026-09-19T17:16:37Z] === ENRICH ITERATION 1 START | repo=bigcat88/pillow_heif sha=61f7258d ===
[2026-09-19T17:16:37Z] [iter=1] PHASE START: enrich repo=bigcat88/pillow_heif sha=61f7258d runlog=/home/runner/work/forx/forx/storage/aggregate/lsp/logs/61f7258d-enrich-iter-001.log output=/home/runner/work/forx/forx/storage/aggregate/lsp/61f7258ddfb038772abdf195ccddfa04f624f1b9.nq.gz
[2026-09-19T17:16:37Z] [iter=1] Step 1: Loading AST into disk-backed store mem_mb=78 MB
[2026-09-19T17:16:39Z] [iter=1] AST store loaded triples=324164 load_secs=2 mem_mb=540 MB
[2026-09-19T17:16:39Z] [iter=1] Step 2: Finding LSP targets mem_mb=540 MB
[2026-09-19T17:16:39Z] [iter=1] LSP targets found call_sites=2569 imports=11 extends=0 implements=0 secs=0
[2026-09-19T17:16:40Z] [iter=1] Step 2.7: Building position index (one-shot, shared across resolvers) mem_mb=540 MB
[2026-09-19T17:16:41Z] [iter=1] Position index built positions=21668 nodes_with_types=27910 secs=1 mem_mb=540 MB
[2026-09-19T17:16:41Z] [iter=1] Step 3: Starting LSP resolution mem_mb=540 MB already_completed_types=[] already_completed_files=0
[2026-09-19T17:16:41Z] [iter=1] Resolving target type target_type=call_site count=2569
[2026-09-19T17:17:07Z] [iter=1] HEARTBEAT target_type=call_site elapsed_min=0.5 files_done=3 resolved=216 errors=143 current=pillow_heif/_libheif_ctx.py
[2026-09-19T17:17:43Z] [iter=1] HEARTBEAT target_type=call_site elapsed_min=1.1 files_done=9 resolved=486 errors=363 current=tests/options_test.py
[2026-09-19T17:18:14Z] [iter=1] HEARTBEAT target_type=call_site elapsed_min=1.6 files_done=15 resolved=846 errors=573 current=pillow_heif/_options.py
[2026-09-19T17:18:44Z] [iter=1] HEARTBEAT target_type=call_site elapsed_min=2.1 files_done=43 resolved=1302 errors=740 current=docs/resources/js/script.js
[2026-09-19T17:18:55Z] [iter=1] Target type resolved target_type=call_site resolved=1304 errors=795 secs=134 mem_mb=540 MB
[2026-09-19T17:18:55Z] [iter=1] Resolving target type target_type=import_statement count=11
[2026-09-19T17:18:56Z] [iter=1] Target type resolved target_type=import_statement resolved=11 errors=0 secs=1 mem_mb=540 MB
[2026-09-19T17:19:00Z] [iter=1] Step 5: Writing final enrichment file triples=20805
[2026-09-19T17:19:01Z] [iter=1] Enrichment file written path=/home/runner/work/forx/forx/storage/aggregate/lsp/61f7258ddfb038772abdf195ccddfa04f624f1b9.nq.gz size_kb=373
[2026-09-19T17:19:01Z] [iter=1] PHASE END: enrich elapsed_s=144 elapsed_min=2.4 total_triples=20805
