[2026-09-19T13:32:18Z] === ENRICH ITERATION 1 START | repo=bigcat88/pillow_heif sha=67b924ad ===
[2026-09-19T13:32:18Z] [iter=1] PHASE START: enrich repo=bigcat88/pillow_heif sha=67b924ad runlog=/home/runner/work/forx/forx/storage/aggregate/lsp/logs/67b924ad-enrich-iter-001.log output=/home/runner/work/forx/forx/storage/aggregate/lsp/67b924ad80b2acc653615048c4419c1548ef9a25.nq.gz
[2026-09-19T13:32:18Z] [iter=1] Step 1: Loading AST into disk-backed store mem_mb=78 MB
[2026-09-19T13:32:23Z] [iter=1] AST store loaded triples=351510 load_secs=5 mem_mb=529 MB
[2026-09-19T13:32:23Z] [iter=1] Step 2: Finding LSP targets mem_mb=529 MB
[2026-09-19T13:32:23Z] [iter=1] LSP targets found call_sites=2803 imports=11 extends=0 implements=0 secs=0
[2026-09-19T13:32:24Z] [iter=1] Step 2.7: Building position index (one-shot, shared across resolvers) mem_mb=529 MB
[2026-09-19T13:32:25Z] [iter=1] Position index built positions=23500 nodes_with_types=30329 secs=2 mem_mb=529 MB
[2026-09-19T13:32:25Z] [iter=1] Step 3: Starting LSP resolution mem_mb=529 MB already_completed_types=[] already_completed_files=0
[2026-09-19T13:32:25Z] [iter=1] Resolving target type target_type=call_site count=2803
[2026-09-19T13:32:52Z] [iter=1] HEARTBEAT target_type=call_site elapsed_min=0.6 files_done=3 resolved=194 errors=130 current=tests/metadata_etc_test.py
[2026-09-19T13:33:25Z] [iter=1] HEARTBEAT target_type=call_site elapsed_min=1.1 files_done=10 resolved=524 errors=321 current=tests/write_test.py
[2026-09-19T13:34:06Z] [iter=1] HEARTBEAT target_type=call_site elapsed_min=1.8 files_done=14 resolved=802 errors=573 current=tests/leaks_test.py
[2026-09-19T13:34:39Z] [iter=1] HEARTBEAT target_type=call_site elapsed_min=2.3 files_done=29 resolved=1231 errors=769 current=examples/pillow_remove_image.py
[2026-09-19T13:35:07Z] [iter=1] Target type resolved target_type=call_site resolved=1358 errors=3678 secs=162 mem_mb=529 MB
[2026-09-19T13:35:07Z] [iter=1] Resolving target type target_type=import_statement count=11
[2026-09-19T13:35:09Z] [iter=1] Target type resolved target_type=import_statement resolved=11 errors=0 secs=1 mem_mb=529 MB
[2026-09-19T13:35:14Z] [iter=1] Step 5: Writing final enrichment file triples=21774
[2026-09-19T13:35:15Z] [iter=1] Enrichment file written path=/home/runner/work/forx/forx/storage/aggregate/lsp/67b924ad80b2acc653615048c4419c1548ef9a25.nq.gz size_kb=394
[2026-09-19T13:35:15Z] [iter=1] PHASE END: enrich elapsed_s=176 elapsed_min=2.9 total_triples=21774
