[2026-09-19T04:54:56Z] === ENRICH ITERATION 1 START | repo=bigcat88/pillow_heif sha=7150375b ===
[2026-09-19T04:54:56Z] [iter=1] PHASE START: enrich repo=bigcat88/pillow_heif sha=7150375b runlog=/home/runner/work/forx/forx/storage/aggregate/lsp/logs/7150375b-enrich-iter-001.log output=/home/runner/work/forx/forx/storage/aggregate/lsp/7150375b8e09b1cfb70fd3ec18c77c227140f019.nq.gz
[2026-09-19T04:54:56Z] [iter=1] Step 1: Loading AST into disk-backed store mem_mb=78 MB
[2026-09-19T04:55:01Z] [iter=1] AST store loaded triples=426238 load_secs=5 mem_mb=637 MB
[2026-09-19T04:55:01Z] [iter=1] Step 2: Finding LSP targets mem_mb=637 MB
[2026-09-19T04:55:01Z] [iter=1] LSP targets found call_sites=3152 imports=92 extends=9 implements=0 secs=0
[2026-09-19T04:55:02Z] [iter=1] Step 2.7: Building position index (one-shot, shared across resolvers) mem_mb=637 MB
[2026-09-19T04:55:04Z] [iter=1] Position index built positions=29121 nodes_with_types=37136 secs=2 mem_mb=637 MB
[2026-09-19T04:55:04Z] [iter=1] Step 3: Starting LSP resolution mem_mb=637 MB already_completed_types=[] already_completed_files=0
[2026-09-19T04:55:04Z] [iter=1] Resolving target type target_type=call_site count=3152
[2026-09-19T04:55:30Z] [iter=1] HEARTBEAT target_type=call_site elapsed_min=0.6 files_done=3 resolved=297 errors=113 current=tests/write_test.py
[2026-09-19T04:56:03Z] [iter=1] HEARTBEAT target_type=call_site elapsed_min=1.1 files_done=6 resolved=555 errors=286 current=tests/thumbnails_test.py
[2026-09-19T04:56:36Z] [iter=1] HEARTBEAT target_type=call_site elapsed_min=1.7 files_done=14 resolved=976 errors=434 current=benchmarks/benchmark_encode.py
[2026-09-19T04:57:06Z] [iter=1] HEARTBEAT target_type=call_site elapsed_min=2.2 files_done=21 resolved=1209 errors=590 current=pillow_heif/as_plugin.py
[2026-09-19T04:57:38Z] [iter=1] HEARTBEAT target_type=call_site elapsed_min=2.7 files_done=41 resolved=1473 errors=747 current=pillow_heif/_pillow_heif.c
[2026-09-19T04:58:21Z] [iter=1] Target type resolved target_type=call_site resolved=1477 errors=4083 secs=197 mem_mb=637 MB
[2026-09-19T04:58:21Z] [iter=1] Resolving target type target_type=import_statement count=92
[2026-09-19T04:58:21Z] [iter=1] HEARTBEAT target_type=import_statement elapsed_min=3.4 files_done=0 resolved=0 errors=0 current=tests/numpy_test.py
[2026-09-19T04:58:22Z] [iter=1] Target type resolved target_type=import_statement resolved=82 errors=0 secs=2 mem_mb=637 MB
[2026-09-19T04:58:22Z] [iter=1] Resolving target type target_type=extends_clause count=9
[2026-09-19T04:58:24Z] [iter=1] Target type resolved target_type=extends_clause resolved=9 errors=0 secs=1 mem_mb=637 MB
[2026-09-19T04:58:29Z] [iter=1] Step 5: Writing final enrichment file triples=24238
[2026-09-19T04:58:30Z] [iter=1] Enrichment file written path=/home/runner/work/forx/forx/storage/aggregate/lsp/7150375b8e09b1cfb70fd3ec18c77c227140f019.nq.gz size_kb=441
[2026-09-19T04:58:30Z] [iter=1] PHASE END: enrich elapsed_s=214 elapsed_min=3.6 total_triples=24238
