[2026-09-19T05:49:24Z] === ENRICH ITERATION 1 START | repo=bigcat88/pillow_heif sha=82ba2e99 ===
[2026-09-19T05:49:24Z] [iter=1] PHASE START: enrich repo=bigcat88/pillow_heif sha=82ba2e99 runlog=/home/runner/work/forx/forx/storage/aggregate/lsp/logs/82ba2e99-enrich-iter-001.log output=/home/runner/work/forx/forx/storage/aggregate/lsp/82ba2e99c5215a745a7d80df24bf5e5b04dfeb9b.nq.gz
[2026-09-19T05:49:24Z] [iter=1] Step 1: Loading AST into disk-backed store mem_mb=78 MB
[2026-09-19T05:49:31Z] [iter=1] AST store loaded triples=418602 load_secs=8 mem_mb=630 MB
[2026-09-19T05:49:31Z] [iter=1] Step 2: Finding LSP targets mem_mb=630 MB
[2026-09-19T05:49:32Z] [iter=1] LSP targets found call_sites=3057 imports=90 extends=1 implements=0 secs=0
[2026-09-19T05:49:32Z] [iter=1] Step 2.7: Building position index (one-shot, shared across resolvers) mem_mb=630 MB
[2026-09-19T05:49:33Z] [iter=1] Position index built positions=28719 nodes_with_types=36458 secs=1 mem_mb=630 MB
[2026-09-19T05:49:33Z] [iter=1] Step 3: Starting LSP resolution mem_mb=630 MB already_completed_types=[] already_completed_files=0
[2026-09-19T05:49:33Z] [iter=1] Resolving target type target_type=call_site count=3057
[2026-09-19T05:49:56Z] [iter=1] HEARTBEAT target_type=call_site elapsed_min=0.5 files_done=5 resolved=166 errors=181 current=pillow_heif/as_plugin.py
[2026-09-19T05:50:34Z] [iter=1] HEARTBEAT target_type=call_site elapsed_min=1.2 files_done=14 resolved=824 errors=540 current=libheif/linux_build_libs.py
[2026-09-19T05:51:11Z] [iter=1] HEARTBEAT target_type=call_site elapsed_min=1.8 files_done=44 resolved=1440 errors=3910 current=docs/resources/js/script.js
[2026-09-19T05:51:16Z] [iter=1] Target type resolved target_type=call_site resolved=1442 errors=3963 secs=103 mem_mb=630 MB
[2026-09-19T05:51:16Z] [iter=1] Resolving target type target_type=import_statement count=90
[2026-09-19T05:51:17Z] [iter=1] Target type resolved target_type=import_statement resolved=81 errors=0 secs=1 mem_mb=630 MB
[2026-09-19T05:51:17Z] [iter=1] Resolving target type target_type=extends_clause count=1
[2026-09-19T05:51:18Z] [iter=1] Target type resolved target_type=extends_clause resolved=1 errors=0 secs=1 mem_mb=630 MB
[2026-09-19T05:51:22Z] [iter=1] Step 5: Writing final enrichment file triples=23660
[2026-09-19T05:51:22Z] [iter=1] Enrichment file written path=/home/runner/work/forx/forx/storage/aggregate/lsp/82ba2e99c5215a745a7d80df24bf5e5b04dfeb9b.nq.gz size_kb=430
[2026-09-19T05:51:22Z] [iter=1] PHASE END: enrich elapsed_s=119 elapsed_min=2.0 total_triples=23660
