[2026-09-19T11:32:30Z] === ENRICH ITERATION 1 START | repo=bigcat88/pillow_heif sha=94a521ec ===
[2026-09-19T11:32:30Z] [iter=1] PHASE START: enrich repo=bigcat88/pillow_heif sha=94a521ec runlog=/home/runner/work/forx/forx/storage/aggregate/lsp/logs/94a521ec-enrich-iter-001.log output=/home/runner/work/forx/forx/storage/aggregate/lsp/94a521ec6e6128b33416398b658ed16e6733530b.nq.gz
[2026-09-19T11:32:30Z] [iter=1] Step 1: Loading AST into disk-backed store mem_mb=78 MB
[2026-09-19T11:32:34Z] [iter=1] AST store loaded triples=332775 load_secs=4 mem_mb=549 MB
[2026-09-19T11:32:34Z] [iter=1] Step 2: Finding LSP targets mem_mb=549 MB
[2026-09-19T11:32:34Z] [iter=1] LSP targets found call_sites=2568 imports=25 extends=0 implements=0 secs=0
[2026-09-19T11:32:34Z] [iter=1] Step 2.7: Building position index (one-shot, shared across resolvers) mem_mb=549 MB
[2026-09-19T11:32:36Z] [iter=1] Position index built positions=22849 nodes_with_types=29206 secs=2 mem_mb=549 MB
[2026-09-19T11:32:36Z] [iter=1] Step 3: Starting LSP resolution mem_mb=549 MB already_completed_types=[] already_completed_files=0
[2026-09-19T11:32:36Z] [iter=1] Resolving target type target_type=call_site count=2568
[2026-09-19T11:33:08Z] [iter=1] HEARTBEAT target_type=call_site elapsed_min=0.6 files_done=3 resolved=268 errors=144 current=pillow_heif/as_plugin.py
[2026-09-19T11:33:38Z] [iter=1] HEARTBEAT target_type=call_site elapsed_min=1.1 files_done=10 resolved=639 errors=317 current=examples/heif_create_sequence.py
[2026-09-19T11:34:09Z] [iter=1] HEARTBEAT target_type=call_site elapsed_min=1.6 files_done=27 resolved=1186 errors=512 current=examples/heif_remove_image.py
[2026-09-19T11:34:41Z] [iter=1] HEARTBEAT target_type=call_site elapsed_min=2.2 files_done=39 resolved=1261 errors=3235 current=libheif/heif.h
[2026-09-19T11:34:41Z] [iter=1] Target type resolved target_type=call_site resolved=1261 errors=3238 secs=126 mem_mb=549 MB
[2026-09-19T11:34:41Z] [iter=1] Resolving target type target_type=import_statement count=25
[2026-09-19T11:34:43Z] [iter=1] Target type resolved target_type=import_statement resolved=25 errors=0 secs=1 mem_mb=549 MB
[2026-09-19T11:34:48Z] [iter=1] Step 5: Writing final enrichment file triples=19681
[2026-09-19T11:34:49Z] [iter=1] Enrichment file written path=/home/runner/work/forx/forx/storage/aggregate/lsp/94a521ec6e6128b33416398b658ed16e6733530b.nq.gz size_kb=349
[2026-09-19T11:34:49Z] [iter=1] PHASE END: enrich elapsed_s=139 elapsed_min=2.3 total_triples=19681
