[2026-09-19T14:52:38Z] === ENRICH ITERATION 1 START | repo=bigcat88/pillow_heif sha=9ad6dfe5 ===
[2026-09-19T14:52:38Z] [iter=1] PHASE START: enrich repo=bigcat88/pillow_heif sha=9ad6dfe5 runlog=/home/runner/work/forx/forx/storage/aggregate/lsp/logs/9ad6dfe5-enrich-iter-001.log output=/home/runner/work/forx/forx/storage/aggregate/lsp/9ad6dfe508f200e4e11d0bc3f5a00288c27d11d4.nq.gz
[2026-09-19T14:52:38Z] [iter=1] Step 1: Loading AST into disk-backed store mem_mb=78 MB
[2026-09-19T14:52:44Z] [iter=1] AST store loaded triples=349512 load_secs=6 mem_mb=563 MB
[2026-09-19T14:52:44Z] [iter=1] Step 2: Finding LSP targets mem_mb=563 MB
[2026-09-19T14:52:44Z] [iter=1] LSP targets found call_sites=2833 imports=11 extends=0 implements=0 secs=0
[2026-09-19T14:52:45Z] [iter=1] Step 2.7: Building position index (one-shot, shared across resolvers) mem_mb=563 MB
[2026-09-19T14:52:46Z] [iter=1] Position index built positions=23398 nodes_with_types=30220 secs=1 mem_mb=563 MB
[2026-09-19T14:52:46Z] [iter=1] Step 3: Starting LSP resolution mem_mb=563 MB already_completed_types=[] already_completed_files=0
[2026-09-19T14:52:46Z] [iter=1] Resolving target type target_type=call_site count=2833
[2026-09-19T14:53:12Z] [iter=1] HEARTBEAT target_type=call_site elapsed_min=0.6 files_done=2 resolved=263 errors=199 current=pillow_heif/heif.py
[2026-09-19T14:53:47Z] [iter=1] HEARTBEAT target_type=call_site elapsed_min=1.1 files_done=11 resolved=649 errors=439 current=pillow_heif/thumbnails.py
[2026-09-19T14:54:20Z] [iter=1] HEARTBEAT target_type=call_site elapsed_min=1.7 files_done=20 resolved=969 errors=700 current=libheif/linux_build_libs.py
[2026-09-19T14:54:57Z] [iter=1] HEARTBEAT target_type=call_site elapsed_min=2.3 files_done=46 resolved=1384 errors=3696 current=pillow_heif/helpers.c
[2026-09-19T14:54:57Z] [iter=1] Target type resolved target_type=call_site resolved=1384 errors=3698 secs=132 mem_mb=563 MB
[2026-09-19T14:54:57Z] [iter=1] Resolving target type target_type=import_statement count=11
[2026-09-19T14:54:58Z] [iter=1] Target type resolved target_type=import_statement resolved=11 errors=0 secs=1 mem_mb=563 MB
[2026-09-19T14:55:03Z] [iter=1] Step 5: Writing final enrichment file triples=22110
[2026-09-19T14:55:03Z] [iter=1] Enrichment file written path=/home/runner/work/forx/forx/storage/aggregate/lsp/9ad6dfe508f200e4e11d0bc3f5a00288c27d11d4.nq.gz size_kb=398
[2026-09-19T14:55:03Z] [iter=1] PHASE END: enrich elapsed_s=145 elapsed_min=2.4 total_triples=22110
