[2026-09-19T12:19:07Z] === ENRICH ITERATION 1 START | repo=bigcat88/pillow_heif sha=a436ad57 ===
[2026-09-19T12:19:07Z] [iter=1] PHASE START: enrich repo=bigcat88/pillow_heif sha=a436ad57 runlog=/home/runner/work/forx/forx/storage/aggregate/lsp/logs/a436ad57-enrich-iter-001.log output=/home/runner/work/forx/forx/storage/aggregate/lsp/a436ad5747fe66685ea9929e8d7643b5e47970ee.nq.gz
[2026-09-19T12:19:07Z] [iter=1] Step 1: Loading AST into disk-backed store mem_mb=78 MB
[2026-09-19T12:19:10Z] [iter=1] AST store loaded triples=352452 load_secs=3 mem_mb=569 MB
[2026-09-19T12:19:10Z] [iter=1] Step 2: Finding LSP targets mem_mb=569 MB
[2026-09-19T12:19:11Z] [iter=1] LSP targets found call_sites=2804 imports=11 extends=0 implements=0 secs=0
[2026-09-19T12:19:11Z] [iter=1] Step 2.7: Building position index (one-shot, shared across resolvers) mem_mb=569 MB
[2026-09-19T12:19:13Z] [iter=1] Position index built positions=23572 nodes_with_types=30467 secs=2 mem_mb=569 MB
[2026-09-19T12:19:13Z] [iter=1] Step 3: Starting LSP resolution mem_mb=569 MB already_completed_types=[] already_completed_files=0
[2026-09-19T12:19:13Z] [iter=1] Resolving target type target_type=call_site count=2804
[2026-09-19T12:19:43Z] [iter=1] HEARTBEAT target_type=call_site elapsed_min=0.6 files_done=2 resolved=190 errors=177 current=pillow_heif/as_plugin.py
[2026-09-19T12:20:14Z] [iter=1] HEARTBEAT target_type=call_site elapsed_min=1.1 files_done=9 resolved=609 errors=345 current=tests/metadata_etc_test.py
[2026-09-19T12:20:56Z] [iter=1] HEARTBEAT target_type=call_site elapsed_min=1.8 files_done=20 resolved=1049 errors=587 current=tests/mode_convert_test.py
[2026-09-19T12:21:31Z] [iter=1] HEARTBEAT target_type=call_site elapsed_min=2.4 files_done=47 resolved=1397 errors=3572 current=docs/resources/js/script.js
[2026-09-19T12:21:42Z] [iter=1] Target type resolved target_type=call_site resolved=1399 errors=3627 secs=150 mem_mb=569 MB
[2026-09-19T12:21:42Z] [iter=1] Resolving target type target_type=import_statement count=11
[2026-09-19T12:21:44Z] [iter=1] Target type resolved target_type=import_statement resolved=11 errors=0 secs=1 mem_mb=569 MB
[2026-09-19T12:21:49Z] [iter=1] Step 5: Writing final enrichment file triples=22147
[2026-09-19T12:21:50Z] [iter=1] Enrichment file written path=/home/runner/work/forx/forx/storage/aggregate/lsp/a436ad5747fe66685ea9929e8d7643b5e47970ee.nq.gz size_kb=401
[2026-09-19T12:21:50Z] [iter=1] PHASE END: enrich elapsed_s=162 elapsed_min=2.7 total_triples=22147
