[2026-09-18T10:08:34Z] === ENRICH ITERATION 1 START | repo=bigcat88/pillow_heif sha=a726a879 ===
[2026-09-18T10:08:34Z] [iter=1] PHASE START: enrich repo=bigcat88/pillow_heif sha=a726a879 runlog=/home/runner/work/forx/forx/storage/aggregate/lsp/logs/a726a879-enrich-iter-001.log output=/home/runner/work/forx/forx/storage/aggregate/lsp/a726a879bf0a56ae31ae5809654ea8bf72cf62e0.nq.gz
[2026-09-18T10:08:34Z] [iter=1] Step 1: Loading AST into disk-backed store mem_mb=78 MB
[2026-09-18T10:08:40Z] [iter=1] AST store loaded triples=439935 load_secs=5 mem_mb=651 MB
[2026-09-18T10:08:40Z] [iter=1] Step 2: Finding LSP targets mem_mb=651 MB
[2026-09-18T10:08:40Z] [iter=1] LSP targets found call_sites=3155 imports=156 extends=10 implements=0 secs=0
[2026-09-18T10:08:40Z] [iter=1] Step 2.7: Building position index (one-shot, shared across resolvers) mem_mb=651 MB
[2026-09-18T10:08:42Z] [iter=1] Position index built positions=29823 nodes_with_types=37808 secs=2 mem_mb=651 MB
[2026-09-18T10:08:42Z] [iter=1] Step 3: Starting LSP resolution mem_mb=651 MB already_completed_types=[] already_completed_files=0
[2026-09-18T10:08:42Z] [iter=1] Resolving target type target_type=call_site count=3155
[2026-09-18T10:09:15Z] [iter=1] HEARTBEAT target_type=call_site elapsed_min=0.7 files_done=1 resolved=0 errors=168 current=pillow_heif/_ph_postprocess.h
[2026-09-18T10:09:45Z] [iter=1] HEARTBEAT target_type=call_site elapsed_min=1.2 files_done=6 resolved=261 errors=290 current=benchmarks/benchmark_decode.py
[2026-09-18T10:10:26Z] [iter=1] HEARTBEAT target_type=call_site elapsed_min=1.9 files_done=9 resolved=490 errors=511 current=tests/basic_test.py
[2026-09-18T10:10:59Z] [iter=1] HEARTBEAT target_type=call_site elapsed_min=2.4 files_done=16 resolved=794 errors=671 current=pillow_heif/misc.py
[2026-09-18T10:11:43Z] [iter=1] HEARTBEAT target_type=call_site elapsed_min=3.1 files_done=22 resolved=1134 errors=869 current=tests/orientation_test.py
[2026-09-18T10:12:16Z] [iter=1] HEARTBEAT target_type=call_site elapsed_min=3.7 files_done=31 resolved=1293 errors=1049 current=tests/import_error_test.py
[2026-09-18T10:12:41Z] [iter=1] Target type resolved target_type=call_site resolved=1394 errors=1161 secs=238 mem_mb=651 MB
[2026-09-18T10:12:41Z] [iter=1] Resolving target type target_type=import_statement count=156
[2026-09-18T10:12:43Z] [iter=1] Target type resolved target_type=import_statement resolved=139 errors=0 secs=2 mem_mb=651 MB
[2026-09-18T10:12:43Z] [iter=1] Resolving target type target_type=extends_clause count=10
[2026-09-18T10:12:44Z] [iter=1] Target type resolved target_type=extends_clause resolved=10 errors=0 secs=1 mem_mb=651 MB
[2026-09-18T10:12:48Z] [iter=1] Step 5: Writing final enrichment file triples=25254
[2026-09-18T10:12:49Z] [iter=1] Enrichment file written path=/home/runner/work/forx/forx/storage/aggregate/lsp/a726a879bf0a56ae31ae5809654ea8bf72cf62e0.nq.gz size_kb=460
[2026-09-18T10:12:49Z] [iter=1] PHASE END: enrich elapsed_s=255 elapsed_min=4.3 total_triples=25254
