[2026-09-19T06:27:18Z] === ENRICH ITERATION 1 START | repo=bigcat88/pillow_heif sha=b1e77b6d ===
[2026-09-19T06:27:18Z] [iter=1] PHASE START: enrich repo=bigcat88/pillow_heif sha=b1e77b6d runlog=/home/runner/work/forx/forx/storage/aggregate/lsp/logs/b1e77b6d-enrich-iter-001.log output=/home/runner/work/forx/forx/storage/aggregate/lsp/b1e77b6db67dcc27511324c246ca7f156e66da26.nq.gz
[2026-09-19T06:27:18Z] [iter=1] Step 1: Loading AST into disk-backed store mem_mb=78 MB
[2026-09-19T06:27:22Z] [iter=1] AST store loaded triples=406556 load_secs=4 mem_mb=619 MB
[2026-09-19T06:27:22Z] [iter=1] Step 2: Finding LSP targets mem_mb=619 MB
[2026-09-19T06:27:23Z] [iter=1] LSP targets found call_sites=2972 imports=90 extends=1 implements=0 secs=0
[2026-09-19T06:27:23Z] [iter=1] Step 2.7: Building position index (one-shot, shared across resolvers) mem_mb=619 MB
[2026-09-19T06:27:25Z] [iter=1] Position index built positions=27881 nodes_with_types=35386 secs=2 mem_mb=619 MB
[2026-09-19T06:27:25Z] [iter=1] Step 3: Starting LSP resolution mem_mb=619 MB already_completed_types=[] already_completed_files=0
[2026-09-19T06:27:25Z] [iter=1] Resolving target type target_type=call_site count=2972
[2026-09-19T06:28:06Z] [iter=1] HEARTBEAT target_type=call_site elapsed_min=0.8 files_done=4 resolved=438 errors=189 current=tests/metadata_exif_test.py
[2026-09-19T06:28:39Z] [iter=1] HEARTBEAT target_type=call_site elapsed_min=1.3 files_done=12 resolved=781 errors=355 current=tests/metadata_xmp_test.py
[2026-09-19T06:29:12Z] [iter=1] HEARTBEAT target_type=call_site elapsed_min=1.9 files_done=21 resolved=1121 errors=531 current=benchmarks/benchmark_encode.py
[2026-09-19T06:29:42Z] [iter=1] HEARTBEAT target_type=call_site elapsed_min=2.4 files_done=32 resolved=1349 errors=690 current=examples/heif_save.py
[2026-09-19T06:30:15Z] [iter=1] HEARTBEAT target_type=call_site elapsed_min=2.9 files_done=44 resolved=1399 errors=822 current=docs/resources/js/script.js
[2026-09-19T06:30:29Z] [iter=1] Target type resolved target_type=call_site resolved=1401 errors=3847 secs=185 mem_mb=619 MB
[2026-09-19T06:30:29Z] [iter=1] Resolving target type target_type=import_statement count=90
[2026-09-19T06:30:31Z] [iter=1] Target type resolved target_type=import_statement resolved=81 errors=0 secs=2 mem_mb=619 MB
[2026-09-19T06:30:31Z] [iter=1] Resolving target type target_type=extends_clause count=1
[2026-09-19T06:30:32Z] [iter=1] Target type resolved target_type=extends_clause resolved=1 errors=0 secs=1 mem_mb=619 MB
[2026-09-19T06:30:38Z] [iter=1] Step 5: Writing final enrichment file triples=22958
[2026-09-19T06:30:38Z] [iter=1] Enrichment file written path=/home/runner/work/forx/forx/storage/aggregate/lsp/b1e77b6db67dcc27511324c246ca7f156e66da26.nq.gz size_kb=416
[2026-09-19T06:30:38Z] [iter=1] PHASE END: enrich elapsed_s=200 elapsed_min=3.3 total_triples=22958
