[2026-09-19T16:20:51Z] === ENRICH ITERATION 1 START | repo=bigcat88/pillow_heif sha=c4ec1cde ===
[2026-09-19T16:20:51Z] [iter=1] PHASE START: enrich repo=bigcat88/pillow_heif sha=c4ec1cde runlog=/home/runner/work/forx/forx/storage/aggregate/lsp/logs/c4ec1cde-enrich-iter-001.log output=/home/runner/work/forx/forx/storage/aggregate/lsp/c4ec1cdedf997f79857edf66512a2e330bb0faeb.nq.gz
[2026-09-19T16:20:52Z] [iter=1] Step 1: Loading AST into disk-backed store mem_mb=78 MB
[2026-09-19T16:20:55Z] [iter=1] AST store loaded triples=331622 load_secs=4 mem_mb=549 MB
[2026-09-19T16:20:55Z] [iter=1] Step 2: Finding LSP targets mem_mb=549 MB
[2026-09-19T16:20:56Z] [iter=1] LSP targets found call_sites=2637 imports=11 extends=0 implements=0 secs=0
[2026-09-19T16:20:56Z] [iter=1] Step 2.7: Building position index (one-shot, shared across resolvers) mem_mb=549 MB
[2026-09-19T16:20:58Z] [iter=1] Position index built positions=22145 nodes_with_types=28567 secs=2 mem_mb=549 MB
[2026-09-19T16:20:58Z] [iter=1] Step 3: Starting LSP resolution mem_mb=549 MB already_completed_types=[] already_completed_files=0
[2026-09-19T16:20:58Z] [iter=1] Resolving target type target_type=call_site count=2637
[2026-09-19T16:21:23Z] [iter=1] HEARTBEAT target_type=call_site elapsed_min=0.5 files_done=3 resolved=310 errors=136 current=tests/metadata_xmp_test.py
[2026-09-19T16:22:00Z] [iter=1] HEARTBEAT target_type=call_site elapsed_min=1.1 files_done=7 resolved=550 errors=386 current=examples/heif_dump_info.py
[2026-09-19T16:22:32Z] [iter=1] HEARTBEAT target_type=call_site elapsed_min=1.7 files_done=19 resolved=1036 errors=566 current=pillow_heif/private.py
[2026-09-19T16:23:05Z] [iter=1] HEARTBEAT target_type=call_site elapsed_min=2.2 files_done=43 resolved=1329 errors=754 current=docs/resources/js/script.js
[2026-09-19T16:23:15Z] [iter=1] Target type resolved target_type=call_site resolved=1331 errors=809 secs=138 mem_mb=549 MB
[2026-09-19T16:23:15Z] [iter=1] Resolving target type target_type=import_statement count=11
[2026-09-19T16:23:17Z] [iter=1] Target type resolved target_type=import_statement resolved=11 errors=0 secs=1 mem_mb=549 MB
[2026-09-19T16:23:21Z] [iter=1] Step 5: Writing final enrichment file triples=21250
[2026-09-19T16:23:22Z] [iter=1] Enrichment file written path=/home/runner/work/forx/forx/storage/aggregate/lsp/c4ec1cdedf997f79857edf66512a2e330bb0faeb.nq.gz size_kb=381
[2026-09-19T16:23:22Z] [iter=1] PHASE END: enrich elapsed_s=150 elapsed_min=2.5 total_triples=21250
