[2026-09-19T12:39:21Z] === ENRICH ITERATION 1 START | repo=bigcat88/pillow_heif sha=dd0ebb07 ===
[2026-09-19T12:39:21Z] [iter=1] PHASE START: enrich repo=bigcat88/pillow_heif sha=dd0ebb07 runlog=/home/runner/work/forx/forx/storage/aggregate/lsp/logs/dd0ebb07-enrich-iter-001.log output=/home/runner/work/forx/forx/storage/aggregate/lsp/dd0ebb077e6f5060c45f245723fdfb23ce33e026.nq.gz
[2026-09-19T12:39:21Z] [iter=1] Step 1: Loading AST into disk-backed store mem_mb=78 MB
[2026-09-19T12:39:24Z] [iter=1] AST store loaded triples=354312 load_secs=3 mem_mb=570 MB
[2026-09-19T12:39:24Z] [iter=1] Step 2: Finding LSP targets mem_mb=570 MB
[2026-09-19T12:39:24Z] [iter=1] LSP targets found call_sites=2823 imports=11 extends=0 implements=0 secs=0
[2026-09-19T12:39:25Z] [iter=1] Step 2.7: Building position index (one-shot, shared across resolvers) mem_mb=570 MB
[2026-09-19T12:39:27Z] [iter=1] Position index built positions=23695 nodes_with_types=30643 secs=2 mem_mb=570 MB
[2026-09-19T12:39:27Z] [iter=1] Step 3: Starting LSP resolution mem_mb=570 MB already_completed_types=[] already_completed_files=0
[2026-09-19T12:39:27Z] [iter=1] Resolving target type target_type=call_site count=2823
[2026-09-19T12:39:57Z] [iter=1] HEARTBEAT target_type=call_site elapsed_min=0.6 files_done=3 resolved=278 errors=162 current=pillow_heif/as_plugin.py
[2026-09-19T12:40:33Z] [iter=1] HEARTBEAT target_type=call_site elapsed_min=1.2 files_done=8 resolved=552 errors=379 current=tests/read_test.py
[2026-09-19T12:41:06Z] [iter=1] HEARTBEAT target_type=call_site elapsed_min=1.7 files_done=17 resolved=1018 errors=574 current=examples/pillow_save.py
[2026-09-19T12:41:36Z] [iter=1] HEARTBEAT target_type=call_site elapsed_min=2.2 files_done=41 resolved=1385 errors=757 current=pillow_heif/error.py
[2026-09-19T12:41:56Z] [iter=1] Target type resolved target_type=call_site resolved=1416 errors=3646 secs=150 mem_mb=570 MB
[2026-09-19T12:41:56Z] [iter=1] Resolving target type target_type=import_statement count=11
[2026-09-19T12:41:57Z] [iter=1] Target type resolved target_type=import_statement resolved=11 errors=0 secs=1 mem_mb=570 MB
[2026-09-19T12:42:03Z] [iter=1] Step 5: Writing final enrichment file triples=22345
[2026-09-19T12:42:03Z] [iter=1] Enrichment file written path=/home/runner/work/forx/forx/storage/aggregate/lsp/dd0ebb077e6f5060c45f245723fdfb23ce33e026.nq.gz size_kb=405
[2026-09-19T12:42:03Z] [iter=1] PHASE END: enrich elapsed_s=162 elapsed_min=2.7 total_triples=22345
