[2026-09-19T04:25:45Z] === ENRICH ITERATION 1 START | repo=bigcat88/pillow_heif sha=e79d5e6a ===
[2026-09-19T04:25:45Z] [iter=1] PHASE START: enrich repo=bigcat88/pillow_heif sha=e79d5e6a runlog=/home/runner/work/forx/forx/storage/aggregate/lsp/logs/e79d5e6a-enrich-iter-001.log output=/home/runner/work/forx/forx/storage/aggregate/lsp/e79d5e6a8eba4b9ae202daf9a9afdccdbd100a14.nq.gz
[2026-09-19T04:25:45Z] [iter=1] Step 1: Loading AST into disk-backed store mem_mb=78 MB
[2026-09-19T04:25:50Z] [iter=1] AST store loaded triples=427240 load_secs=4 mem_mb=642 MB
[2026-09-19T04:25:50Z] [iter=1] Step 2: Finding LSP targets mem_mb=642 MB
[2026-09-19T04:25:50Z] [iter=1] LSP targets found call_sites=3162 imports=92 extends=9 implements=0 secs=0
[2026-09-19T04:25:50Z] [iter=1] Step 2.7: Building position index (one-shot, shared across resolvers) mem_mb=642 MB
[2026-09-19T04:25:52Z] [iter=1] Position index built positions=29180 nodes_with_types=37216 secs=2 mem_mb=642 MB
[2026-09-19T04:25:52Z] [iter=1] Step 3: Starting LSP resolution mem_mb=642 MB already_completed_types=[] already_completed_files=0
[2026-09-19T04:25:52Z] [iter=1] Resolving target type target_type=call_site count=3162
[2026-09-19T04:26:16Z] [iter=1] HEARTBEAT target_type=call_site elapsed_min=0.5 files_done=3 resolved=217 errors=107 current=tests/dataset.py
[2026-09-19T04:26:47Z] [iter=1] HEARTBEAT target_type=call_site elapsed_min=1.0 files_done=9 resolved=481 errors=251 current=tests/helpers.py
[2026-09-19T04:27:31Z] [iter=1] HEARTBEAT target_type=call_site elapsed_min=1.8 files_done=13 resolved=930 errors=444 current=libheif/linux_build_libs.py
[2026-09-19T04:28:05Z] [iter=1] HEARTBEAT target_type=call_site elapsed_min=2.3 files_done=21 resolved=1222 errors=627 current=benchmarks/measure_encode.py
[2026-09-19T04:28:51Z] [iter=1] HEARTBEAT target_type=call_site elapsed_min=3.1 files_done=42 resolved=1481 errors=877 current=pillow_heif/_ph_postprocess.h
[2026-09-19T04:29:09Z] [iter=1] Target type resolved target_type=call_site resolved=1483 errors=4095 secs=197 mem_mb=642 MB
[2026-09-19T04:29:09Z] [iter=1] Resolving target type target_type=import_statement count=92
[2026-09-19T04:29:11Z] [iter=1] Target type resolved target_type=import_statement resolved=82 errors=0 secs=2 mem_mb=642 MB
[2026-09-19T04:29:11Z] [iter=1] Resolving target type target_type=extends_clause count=9
[2026-09-19T04:29:12Z] [iter=1] Target type resolved target_type=extends_clause resolved=9 errors=0 secs=1 mem_mb=642 MB
[2026-09-19T04:29:19Z] [iter=1] Step 5: Writing final enrichment file triples=24288
[2026-09-19T04:29:19Z] [iter=1] Enrichment file written path=/home/runner/work/forx/forx/storage/aggregate/lsp/e79d5e6a8eba4b9ae202daf9a9afdccdbd100a14.nq.gz size_kb=442
[2026-09-19T04:29:19Z] [iter=1] PHASE END: enrich elapsed_s=214 elapsed_min=3.6 total_triples=24288
